Running on beyerk-linux
 FRESCOX - version 7.2-20-ga7f491: Coupled Reaction Channels             on gfortran                      

  Using NAMELIST input

 n14(f17,ne18)c13 @ 170 MeV;                                                                                             

   0.030  40.000   0.200   0.100   5.000   0.000   0.000   0.000   0.000   0.000

 Centre-of-mass Range is   1334 * 0.0300 fm., Maximum at  39.96 fm., Interpolating NL forms every  0.21 fm.
 Non - locality width is     57 * 0.0900 fm., Maximum of   5.04 fm., Centred at  0.00 fm.
 2-Nucleon Separation of      0 * 0.2100 fm., Maximum of   0.00 fm., Minimum at  0.00 fm.
 Maximum single particle bins of 39.9000 fm.
               M,Mint =         1333        1331


 Range of total J is     0.0 <= J <=   120.0 (at least     0.0) and Absorbtion =>    -1.0000 mb.
 Dry Run = F, CC set limits =  0  0, Relativistic kinematics =   , Both/Far/Near Analyses =  1                     

 Cross Sections (and up to T0 for 0=projectile) for Theta from   0.0 to  40.0 in steps of  1.0 degrees, DGAM=0, grace=T,  Coordinates = 0 (Mads)

 Lower Radial Cutoff = maximum of -1.60*L*h &       0.0 fm.,  Lower Cutoff for Couplings =   0.0  fm.


 Iterate Couplings between   0 and   1 times, to  0.000 % if sooner.                                          
  Block solved exactly =   0 chs., with Pade = 0 & Isocen =  =0, NOSOL = F, CCREAL = F, initwf =  0
    Small channels are  0.00E+00 and small couplings are  1.00E-12 of unitarity

  NL quadrature with   36 Gaussian points, Calculate multipoles up to   130 from   0
  M-transfers for lp+lt greater than or equal to  6, Angular Integration Cutoff below  0.6944 %


 Trace switches are :  CHANS =  1, LISTCC =  0, TRENEG =  0, CDETR =  0, SMATS =  0, XSTABL =  1, NLPL =  0

                       WAVES =  0, LAMPL =  0, VEFF =  0, KFUS =  0, WDISK =  0, BPM =  0, MELFIL =  0

                       CDCC =  0, NFUS =  0, TCFILE =  0

 Using unit mass = 1.000000 amu and 1/fine-structure constant = 137.03599 ( 1.000000 * true ) with hc = 197.32705 MeV.fm,
  thus 2*amu/hbar^2 = 0.0478450 = 1/20.9008 and Coulomb constant = 0.1574855 so e^2 =  1.43996515, and nuclear magneton= 0.1261183

 Now pre-scan input and save to file 3



 *********** PARTITION NUMBER  1 ******************************************************************************************

   PROJ=f17        MASS= 17.0000 Z=   9.0,        # STATES=    1T, TARG=n14      MASS= 14.0000 Z=   7.0,     Q-VALUE =   0.0000 MeV

   MIXPOT =  0: no couplings (default)

     1:  J= 2.5+ (B# 1), E=  0.0000, K= 0.5              Potl#  1       J= 1.0+ (B# 1), E=  0.0000, K= 0.0    


 *********** PARTITION NUMBER  2 ******************************************************************************************

   PROJ=ne18       MASS= 18.0000 Z=  10.0,        # STATES=    1T, TARG=c13      MASS= 13.0000 Z=   6.0,     Q-VALUE =   3.6286 MeV

   MIXPOT =  0: no couplings (default)

     1:  J= 0.0+ (B# 1), E=  0.0000, K= 0.0              Potl#  2       J= 0.5- (B#-1), E=  0.0000, K= 0.5    
0****** WARNING : COMPARED WITH PARTITION  1, THIS PARTITION HAS TOTAL MASS & CHARGE EXCESSES   0.00390 &   0.0000


 ************************************************************************************************************************************

 The following POTENTIALS are defined :

  KP#       TYPE      IT    SHAPE      at     V1        r1        a1        V2        r2        a2        A-in     A-used


                                            A#1       A#2        r0c       ac                                                h @ 1
    1    0=Coulomb       0=CHARGE (WS)  1    14.000    17.000    1.3000    0.0000    0.0000    0.0000     0.000   123.612   0.03000

    1    1=Volume        0=Woods-Saxon  2   37.2000    1.2000    0.6000   21.6000    1.2000    0.6900     0.000   123.612
   --------------------------------------------------------------------------------------------------------------------

                                            A#1       A#2        r0c       ac                                                h @ 2
    2    0=Coulomb       0=CHARGE (WS)  3    13.000    18.000    1.3000    0.0000    0.0000    0.0000     0.000   122.917   0.03000

    2    1=Volume        0=Woods-Saxon  4   37.2000    1.2000    0.6000   21.6000    1.2000    0.6900     0.000   122.917
   --------------------------------------------------------------------------------------------------------------------

                                            A#1       A#2        r0c       ac                                                h @ 0
    3    0=Coulomb       0=CHARGE (WS)  5    17.000     0.000    1.2000    0.0000    0.0000    0.0000     0.000    17.000   0.03000

    3    1=Volume        0=Woods-Saxon  6   50.0000    1.2000    0.6500    0.0000    0.0000    0.0000     0.000    17.000

    3    3=Projtl S.O.   0=Woods-Saxon  7    6.0000    1.2000    0.6500    0.0000    0.0000    0.0000     0.000    17.000
   --------------------------------------------------------------------------------------------------------------------

                                            A#1       A#2        r0c       ac                                                h @ 0
    4    0=Coulomb       0=CHARGE (WS)  8    13.000     0.000    1.2000    0.0000    0.0000    0.0000     0.000    13.000   0.03000

    4    1=Volume        0=Woods-Saxon  9   50.0000    1.2000    0.6500    0.0000    0.0000    0.0000     0.000    13.000

    4    3=Projtl S.O.   0=Woods-Saxon 10    6.0000    1.2000    0.6500    0.0000    0.0000    0.0000     0.000    13.000
   --------------------------------------------------------------------------------------------------------------------

                                            A#1       A#2        r0c       ac                                                h @ 0
    5    0=Coulomb       0=CHARGE (WS) 11    13.000    17.000    1.3000    0.0000    0.0000    0.0000     0.000   119.286   0.03000

    5    1=Volume        0=Woods-Saxon 12   37.2000    1.2000    0.6000   21.6000    1.2000    0.6900     0.000   119.286


 ************************************************************************************************************************************

 The following    real SINGLE-PARTICLE FORM FACTORS are  constructed:


 No.   P1 P2 IN KIND T N  L  S1 IA J/S  IB BIND XFER  BE    SC PC FIL AFRAC Adjust  to  Z  Mass   K     Norm    rms      D0     D   ANC/Gsp

    1:  1  2  1  0     1  2 0.5  1 2.5   0   3   0   3.9220  1  0  0 0.0000 VR  1.2622; 1. 1.000 0.4210 1.0000  3.321  -27.2  102.5  2.5472

 NO ROOM FOR   1 MORE CHANNELS: INCREASE KN2

    2:  2  1  2  3     1  1 0.5  1 0.5   1   4   0   7.5506  1  0  0 0.0000 VR  1.1252; 1. 1.000 0.5792 1.0000  2.843 -129.3   80.1  4.8540

 ************************************************************************************************************************************

 ONE-way COUPLING # 1 for partitions -2 <-  1 of KIND  7,   0 -1  5 -1 -1 & P1,P2 =    0.0000   0.0000 : for J <=   120.5 & R <  39.9 fm.


 data =  1  1  1  1  1.0000,  so  < [ne18     #  1] / [f17      #  1]  * Eigen-form #  1>  =   1.0000            BE =  3.922     1

 data =  2  1  1  2  1.0000,  so  < [n14      #  1] / [c13      #  1]  * Eigen-form #  2>  =   1.0000            BE =  7.551     2
 KNT =   2, KNP =   1: NK,NG,loc=   1   1   1      13  T  T  F
 KNT =   2, KNP =   1: NK,NG,loc=   1   1   1      13

     So FINITE-RANGE TRANSFER : IP1 = 0 (POST    ), IP2=-1 =COMPLEX     ,  for   1 pairs of bound states summed into   1 pairs
      The main coupling potential is that binding the transferred particle to the c13      core.

          Using between f17      & c13      the potential No.   5, and subtracting optical potential No.  2

   A real*8 is            8  bytes
   NLL,NLN,NLO =         191         191          57
0File   9 needs RL =   21774    REAL*8 numbers, and NR =   132. i.e.   22.99 Megabytes
   File            9  RECL =      173280
0RECOMMENDED NON-LOCAL WIDTH IS GREATER THAN    0.90 FM.,  RECOMMENDED CENTRATION   0.00, after    0.14 secs.
0Relative non-local usages (rms) are
    0.000   0.000   0.000   0.000   0.000   0.000   0.000   0.000   0.000   0.000   0.000   0.000   0.000   0.000   0.000
    0.000   0.000   0.000   0.000   0.000   0.001   0.002   0.014   0.143   1.886  10.088  44.347  86.166 100.000  76.514
   37.771  11.522   2.177   0.298   0.040   0.007   0.001   0.000   0.000   0.000   0.000   0.000   0.000   0.000   0.000
    0.000   0.000   0.000   0.000   0.000   0.000   0.000   0.000   0.000   0.000   0.000   0.000
0Binding Energies: (ne18     # 1 / f17      # 1)(BE =  3.922)-(n14      # 1 / c13      # 1)(BE =  7.551)- DISCREPANCY =  7.2572

 Incoming partition  1 in excitation state # 1,   Laboratory Energy given for partition  1 Nucleus 1 in Excitation pair 1

0Lab. ENERGY ranges :

   from    170.000     to   0.00000     in        0 intervals
   from    0.00000     to   0.00000     in        0 intervals
   from    0.00000     to   0.00000     in        0 intervals

 Largest real,imaginary parts of any form factor at R=   39.66 are   3.63E-02  1.36E-20 MeV
 Finished all Couplings @   0.148940012    

 Non-symmetric Hamiltonian
1***********************************************************************************************************************************
************************************************************************************************************************************

        INCOMING f17      ;    LABORATORY f17      ENERGY =   170.00     MeV.

 ***********************************************************************************************************************************
 ***********************************************************************************************************************************


  NOTE: Coulomb excitation cut off below   2.984 deg by JTMAX, and below   1.694 deg by Rmax

 Allocate arrays for            4  channels, of which            3  need wfs.

 Total SPIN, PARITY =     0.5 +,      4 chs,      0 cc.  Rmin & Coul turning =    0.0    1.2


    C Projectl Target   #   EX.   (L  Proj) J  + Targ = Jtotal     E-cm      Re K     Re Eta     RM*K            CH                     G-REL
    1 f17      n14      #    1: I   2 2.5    0.5  1.0     0.5    76.77419   5.31048   3.13748  212.2068   0.46689   0.18925 1 1 1   1  1.00000
    2 f17      n14      #    1: I   2 2.5    1.5  1.0     0.5    76.77419   5.31048   3.13748  212.2068   0.46689   0.18925 1 1 1   1  1.00000
    3 f17      n14      #    1: I   4 2.5    1.5  1.0     0.5    76.77419   5.31048   3.13748  212.2068   0.15871  -0.47817 1 1 1   1  1.00000
    4 ne18     c13      #    1:     1 0.0    1.0  0.5     0.5    80.40279   5.38866   2.89523  215.3310   0.23289  -0.44631 2 1 2   1  1.00000
 Allocate arrays for            7  channels, of which            6  need wfs.
 Allocate arrays for            9  channels, of which            8  need wfs.
 Allocate arrays for           10  channels, of which            9  need wfs.
 Reaction Xsec   117.5+/14 @ 1 =     0.016#, Out:   0.000#   0.000#   0.000f
 Reaction Xsec   117.5+/16 @ 2 =     0.009#, Out:   0.000#   0.001#   0.000f
 Reaction Xsec   117.5+/16 @ 3 =     0.009#, Out:   0.000#   0.000#   0.000f
 Reaction Xsec   117.5+/16 @ 4 =     0.009#, Out:   0.000#   0.000#   0.000f
 Reaction Xsec   117.5+/18 @ 5 =     0.005#, Out:   0.000#   0.001#   0.000f
 Reaction Xsec   117.5+/18 @ 6 =     0.005#, Out:   0.000#   0.000#   0.000f
 Reaction Xsec   117.5+/18 @ 7 =     0.005#, Out:   0.000#   0.000#   0.000f
 Reaction Xsec   117.5+/20 @ 8 =     0.003#, Out:   0.000#   0.000#   0.000f
 Reaction Xsec   117.5+/20 @ 9 =     0.003#, Out:   0.000#   0.000#   0.000f
 Reaction Xsec   117.5-/15 @ 1 =     0.012#, Out:   0.000#   0.000#   0.000f
 Reaction Xsec   117.5-/15 @ 2 =     0.012#, Out:   0.000#   0.000#   0.000f
 Reaction Xsec   117.5-/17 @ 3 =     0.007#, Out:   0.000#   0.000#   0.000f
 Reaction Xsec   117.5-/17 @ 4 =     0.007#, Out:   0.000#   0.000#   0.000f
 Reaction Xsec   117.5-/17 @ 5 =     0.007#, Out:   0.000#   0.000#   0.000f
 Reaction Xsec   117.5-/19 @ 6 =     0.004#, Out:   0.000#   0.000#   0.000f
 Reaction Xsec   117.5-/19 @ 7 =     0.004#, Out:   0.000#   0.000#   0.000f
 Reaction Xsec   117.5-/19 @ 8 =     0.004#, Out:   0.000#   0.000#   0.000f
 Reaction Xsec   117.5-/21 @ 9 =     0.002#, Out:   0.000#   0.000#   0.000f
 Reaction Xsec   118.5+/16 @ 1 =     0.009#, Out:   0.000#   0.000#   0.000f
 Reaction Xsec   118.5+/16 @ 2 =     0.009#, Out:   0.000#   0.000#   0.000f
 Reaction Xsec   118.5+/18 @ 3 =     0.005#, Out:   0.000#   0.000#   0.000f
 Reaction Xsec   118.5+/18 @ 4 =     0.005#, Out:   0.000#   0.000#   0.000f
 Reaction Xsec   118.5+/18 @ 5 =     0.005#, Out:   0.000#   0.000#   0.000f
 Reaction Xsec   118.5+/20 @ 6 =     0.003#, Out:   0.000#   0.000#   0.000f
 Reaction Xsec   118.5+/20 @ 7 =     0.003#, Out:   0.000#   0.000#   0.000f
 Reaction Xsec   118.5+/20 @ 8 =     0.003#, Out:   0.000#   0.000#   0.000f
 Reaction Xsec   118.5+/22 @ 9 =     0.002#, Out:   0.000#   0.000#   0.000f
 Reaction Xsec   118.5-/15 @ 1 =     0.012#, Out:   0.000#   0.000#   0.000f
 Reaction Xsec   118.5-/17 @ 2 =     0.007#, Out:   0.000#   0.001#   0.000f
 Reaction Xsec   118.5-/17 @ 3 =     0.007#, Out:   0.000#   0.000#   0.000f
 Reaction Xsec   118.5-/17 @ 4 =     0.007#, Out:   0.000#   0.000#   0.000f
 Reaction Xsec   118.5-/19 @ 5 =     0.004#, Out:   0.000#   0.001#   0.000f
 Reaction Xsec   118.5-/19 @ 6 =     0.004#, Out:   0.000#   0.000#   0.000f
 Reaction Xsec   118.5-/19 @ 7 =     0.004#, Out:   0.000#   0.000#   0.000f
 Reaction Xsec   118.5-/21 @ 8 =     0.002#, Out:   0.000#   0.000#   0.000f
 Reaction Xsec   118.5-/21 @ 9 =     0.002#, Out:   0.000#   0.000#   0.000f
 Reaction Xsec   119.5+/16 @ 1 =     0.009#, Out:   0.000#   0.000#   0.000f
 Reaction Xsec   119.5+/18 @ 2 =     0.005#, Out:   0.000#   0.000#   0.000f
 Reaction Xsec   119.5+/18 @ 3 =     0.005#, Out:   0.000#   0.000#   0.000f
 Reaction Xsec   119.5+/18 @ 4 =     0.005#, Out:   0.000#   0.000#   0.000f
 Reaction Xsec   119.5+/20 @ 5 =     0.003#, Out:   0.000#   0.001#   0.000f
 Reaction Xsec   119.5+/20 @ 6 =     0.003#, Out:   0.000#   0.000#   0.000f
 Reaction Xsec   119.5+/20 @ 7 =     0.003#, Out:   0.000#   0.000#   0.000f
 Reaction Xsec   119.5+/22 @ 8 =     0.002#, Out:   0.000#   0.000#   0.000f
 Reaction Xsec   119.5+/22 @ 9 =     0.002#, Out:   0.000#   0.000#   0.000f
 Reaction Xsec   119.5-/17 @ 1 =     0.007#, Out:   0.000#   0.000#   0.000f
 Reaction Xsec   119.5-/17 @ 2 =     0.007#, Out:   0.000#   0.000#   0.000f
 Reaction Xsec   119.5-/19 @ 3 =     0.004#, Out:   0.000#   0.000#   0.000f
 Reaction Xsec   119.5-/19 @ 4 =     0.004#, Out:   0.000#   0.000#   0.000f
 Reaction Xsec   119.5-/19 @ 5 =     0.004#, Out:   0.000#   0.000#   0.000f
 Reaction Xsec   119.5-/21 @ 6 =     0.002#, Out:   0.000#   0.000#   0.000f
 Reaction Xsec   119.5-/21 @ 7 =     0.002#, Out:   0.000#   0.000#   0.000f
 Reaction Xsec   119.5-/21 @ 8 =     0.002#, Out:   0.000#   0.000#   0.000f
 Reaction Xsec   119.5-/23 @ 9 =     0.001#, Out:   0.000#   0.000#   0.000f
 Reaction Xsec   120.5+/18 @ 1 =     0.005#, Out:   0.000#   0.000#   0.000f
 Reaction Xsec   120.5+/18 @ 2 =     0.005#, Out:   0.000#   0.000#   0.000f
 Reaction Xsec   120.5+/20 @ 3 =     0.003#, Out:   0.000#   0.000#   0.000f
 Reaction Xsec   120.5+/20 @ 4 =     0.003#, Out:   0.000#   0.000#   0.000f
 Reaction Xsec   120.5+/20 @ 5 =     0.003#, Out:   0.000#   0.000#   0.000f
 Reaction Xsec   120.5+/22 @ 6 =     0.002#, Out:   0.000#   0.000#   0.000f
 Reaction Xsec   120.5+/22 @ 7 =     0.002#, Out:   0.000#   0.000#   0.000f
 Reaction Xsec   120.5+/22 @ 8 =     0.002#, Out:   0.000#   0.000#   0.000f
 Reaction Xsec   120.5+/24 @ 9 =     0.001#, Out:   0.000#   0.000#   0.000f
 Reaction Xsec   120.5-/17 @ 1 =     0.007#, Out:   0.000#   0.000#   0.000f
 Reaction Xsec   120.5-/19 @ 2 =     0.004#, Out:   0.000#   0.000#   0.000f
 Reaction Xsec   120.5-/19 @ 3 =     0.004#, Out:   0.000#   0.000#   0.000f
 Reaction Xsec   120.5-/19 @ 4 =     0.004#, Out:   0.000#   0.000#   0.000f
 Reaction Xsec   120.5-/21 @ 5 =     0.002#, Out:   0.000#   0.001#   0.000f
 Reaction Xsec   120.5-/21 @ 6 =     0.002#, Out:   0.000#   0.000#   0.000f
 Reaction Xsec   120.5-/21 @ 7 =     0.002#, Out:   0.000#   0.000#   0.000f
 Reaction Xsec   120.5-/23 @ 8 =     0.001#, Out:   0.000#   0.000#   0.000f
 Reaction Xsec   120.5-/23 @ 9 =     0.001#, Out:   0.000#   0.000#   0.000f
 Finished all CC sets @    4.17416477    
0CUMULATIVE REACTION cross section               =       1760.34720  <L> =    26.73  <L**2> =    820.4
0CUMULATIVE  ELASTIC cross section               =          0.00000
0CUMULATIVE outgoing cross sections in partition 1 :    0.00000
0CUMULATIVE outgoing cross sections in partition 2 :    0.30977
0Cumulative ABSORBTION by Imaginary Potentials    =      1760.03742  <L> =    26.72  <L**2> =    820.2
   Fusion for specific f17      M-states :    1760.219778    1761.060821    1761.059661    1761.059661
     1761.060821    1760.219778
0CUMULATIVE OUTGOING cross section               =          0.30977
 Strength functions * 10^4 for L=0-2  =   1.63476   1.64024  16.36406 (with r0= 1.35 fm).  R' =   0.000 fm
 To convert to S-factors (MeV.mb = keV.b),  multiply by  2.7966E+10


 CROSS SECTIONS FOR OUTGOING f17      & n14      in state #   1 with spins & parities 2.5  + &  1.0  +;  0

     0.01 deg.: X-S =   1.504680E+16 mb/sr,
+                                         /R =   9.999977E-01
     1.00 deg.: X-S =   1.536335E+08 mb/sr,
+                                         /R =   1.020984E+00
     2.00 deg.: X-S =   9.309363E+06 mb/sr,
+                                         /R =   9.897070E-01
     3.00 deg.: X-S =   1.991957E+06 mb/sr,
+                                         /R =   1.071819E+00
     4.00 deg.: X-S =   6.167877E+05 mb/sr,
+                                         /R =   1.048523E+00
     5.00 deg.: X-S =   2.480009E+05 mb/sr,
+                                         /R =   1.028814E+00
     6.00 deg.: X-S =   8.947949E+04 mb/sr,
+                                         /R =   7.692891E-01
     7.00 deg.: X-S =   3.396543E+04 mb/sr,
+                                         /R =   5.406344E-01
     8.00 deg.: X-S =   1.905639E+04 mb/sr,
+                                         /R =   5.170637E-01
     9.00 deg.: X-S =   1.122074E+04 mb/sr,
+                                         /R =   4.872592E-01
    10.00 deg.: X-S =    4925.769863 mb/sr,
+                                         /R =   3.257044E-01
    11.00 deg.: X-S =    1853.649547 mb/sr,
+                                         /R =   1.792605E-01
    12.00 deg.: X-S =    1280.161315 mb/sr,
+                                         /R =   1.751332E-01
    13.00 deg.: X-S =    1210.173751 mb/sr,
+                                         /R =   2.277446E-01
    14.00 deg.: X-S =     784.455251 mb/sr,
+                                         /R =   1.982949E-01
    15.00 deg.: X-S =     292.483558 mb/sr,
+                                         /R =   9.728762E-02
    16.00 deg.: X-S =      93.912546 mb/sr,
+                                         /R =   4.037479E-02
    17.00 deg.: X-S =     129.122488 mb/sr,
+                                         /R =   7.062780E-02
    18.00 deg.: X-S =     164.779196 mb/sr,
+                                         /R =   1.130831E-01
    19.00 deg.: X-S =     110.409648 mb/sr,
+                                         /R =   9.388784E-02
    20.00 deg.: X-S =      33.232349 mb/sr,
+                                         /R =   3.462640E-02
    21.00 deg.: X-S =       4.626397 mb/sr,
+                                         /R =   5.847100E-03
    22.00 deg.: X-S =      18.774672 mb/sr,
+                                         /R =   2.851893E-02
    23.00 deg.: X-S =      31.942779 mb/sr,
+                                         /R =   5.783082E-02
    24.00 deg.: X-S =      23.925617 mb/sr,
+                                         /R =   5.123234E-02
    25.00 deg.: X-S =       7.535930 mb/sr,
+                                         /R =   1.895175E-02
    26.00 deg.: X-S =       0.058494 mb/sr,
+                                         /R =   1.716429E-04
    27.00 deg.: X-S =       3.063338 mb/sr,
+                                         /R =   1.042561E-02
    28.00 deg.: X-S =       7.341448 mb/sr,
+                                         /R =   2.881694E-02
    29.00 deg.: X-S =       6.736465 mb/sr,
+                                         /R =   3.033864E-02
    30.00 deg.: X-S =       2.946664 mb/sr,
+                                         /R =   1.515238E-02
    31.00 deg.: X-S =       0.394413 mb/sr,
+                                         /R =   2.305217E-03
    32.00 deg.: X-S =       0.589267 mb/sr,
+                                         /R =   3.897891E-03
    33.00 deg.: X-S =       1.803496 mb/sr,
+                                         /R =   1.344770E-02
    34.00 deg.: X-S =       2.101716 mb/sr,
+                                         /R =   1.759871E-02
    35.00 deg.: X-S =       1.310177 mb/sr,
+                                         /R =   1.227616E-02
    36.00 deg.: X-S =       0.443206 mb/sr,
+                                         /R =   4.631277E-03
    37.00 deg.: X-S =       0.215315 mb/sr,
+                                         /R =   2.501186E-03
    38.00 deg.: X-S =       0.463584 mb/sr,
+                                         /R =   5.968456E-03
    39.00 deg.: X-S =       0.656412 mb/sr,
+                                         /R =   9.339481E-03
    40.00 deg.: X-S =       0.548048 mb/sr,
+                                         /R =   8.593908E-03
                                           Integrated  2.8799E+11 mb, over [   0.000,  40.000] at   170.0000 MeV 

 CROSS SECTIONS FOR OUTGOING ne18     & c13      in state #   1 with spins & parities 0.0  + &  0.5  -;  0

     0.00 deg.: X-S =       0.259193 mb/sr,
+                                         REAC   3.0977E-01 mb
     1.00 deg.: X-S =       0.284023 mb/sr,
     2.00 deg.: X-S =       0.583055 mb/sr,
     3.00 deg.: X-S =       1.607115 mb/sr,
     4.00 deg.: X-S =       3.345344 mb/sr,
     5.00 deg.: X-S =       4.770862 mb/sr,
     6.00 deg.: X-S =       4.605237 mb/sr,
     7.00 deg.: X-S =       2.914194 mb/sr,
     8.00 deg.: X-S =       1.191222 mb/sr,
     9.00 deg.: X-S =       0.596343 mb/sr,
    10.00 deg.: X-S =       0.848641 mb/sr,
    11.00 deg.: X-S =       1.011236 mb/sr,
    12.00 deg.: X-S =       0.714818 mb/sr,
    13.00 deg.: X-S =       0.300542 mb/sr,
    14.00 deg.: X-S =       0.137752 mb/sr,
    15.00 deg.: X-S =       0.200101 mb/sr,
    16.00 deg.: X-S =       0.251509 mb/sr,
    17.00 deg.: X-S =       0.184583 mb/sr,
    18.00 deg.: X-S =       0.079453 mb/sr,
    19.00 deg.: X-S =       0.036124 mb/sr,
    20.00 deg.: X-S =       0.055340 mb/sr,
    21.00 deg.: X-S =       0.075241 mb/sr,
    22.00 deg.: X-S =       0.061230 mb/sr,
    23.00 deg.: X-S =       0.031108 mb/sr,
    24.00 deg.: X-S =       0.015123 mb/sr,
    25.00 deg.: X-S =       0.018722 mb/sr,
    26.00 deg.: X-S =       0.025985 mb/sr,
    27.00 deg.: X-S =       0.024124 mb/sr,
    28.00 deg.: X-S =       0.015255 mb/sr,
    29.00 deg.: X-S =       0.008432 mb/sr,
    30.00 deg.: X-S =       0.007638 mb/sr,
    31.00 deg.: X-S =       0.009616 mb/sr,
    32.00 deg.: X-S =       0.009844 mb/sr,
    33.00 deg.: X-S =       0.007477 mb/sr,
    34.00 deg.: X-S =       0.004758 mb/sr,
    35.00 deg.: X-S =       0.003575 mb/sr,
    36.00 deg.: X-S =       0.003737 mb/sr,
    37.00 deg.: X-S =       0.003928 mb/sr,
    38.00 deg.: X-S =       0.003403 mb/sr,
    39.00 deg.: X-S =       0.002468 mb/sr,
    40.00 deg.: X-S =       0.001770 mb/sr,
                                           Integrated  3.0883E-01 mb, over [   0.000,  40.000] at   170.0000 MeV 
 Finished all xsecs @    4.30928183    

  The following files have been created:
   3:local copy of User input.            6:standard output.                   
  12:transfer kernels.                   13:total cross sections/state.        
  16:tables of cross sections.           35:Astrophysics S-factors  / Ecm.     
  39:cross sections for each Ecm.        40:all cross sectns. for each Elab.   
  46:bs wave functions & ANC ratios.     56:Fusion for each Jtotal.            
  75:S-factors for lab energies.        201:Separate cross sections.           
 202:Separate cross sections.           

 PARAMETERS : MAXQRN   MLOC  LMAX1 MCLIST     MFNL  MPWCOUP
    ALLOWED :      5     12    140      5      100        0
    REQUIRED:      1     12    125      2        6        0


 ACCURACY ANALYSIS at   170.000 MeV :

  Elastic h*k = 0.159 so OK       compared with 0.200

   Real(S-el) > 0.01 first at J =      29.5
   Real(S-el) > 0.10 first at J =      30.5
   Real(S-el) > 0.50 first at J =      33.5
   Real(S-el) > 0.90 first at J =      39.5
   Real(S-el) > 0.99 first at J =      48.5
   R-turn =    23.29 fm    at J =     120.5

 Forward-angle excitation cut off below   2.971 deg by max JT =     120.5
                              and below   1.694 deg by max R.


 1: Recommended RNL: non-local width >   0.90 cf:   5.04 fm: OK      
    Recommended CENTRE: centration   ~   0.00 cf:   0.00 fm

 Total CPU  0 time =       4.31 seconds
